camdu@DESKTOP-2QQGOK8 MINGW64 ~/desktop
$ cd Dev

camdu@DESKTOP-2QQGOK8 MINGW64 ~/desktop/Dev
$ cd labs

camdu@DESKTOP-2QQGOK8 MINGW64 ~/desktop/Dev/labs
$ ls

camdu@DESKTOP-2QQGOK8 MINGW64 ~/desktop/Dev/labs
$ mkdir death_star

camdu@DESKTOP-2QQGOK8 MINGW64 ~/desktop/Dev/labs
$ touch darth_vader princess_leia storm_trooper

camdu@DESKTOP-2QQGOK8 MINGW64 ~/desktop/Dev/labs
$ ;s
bash: syntax error near unexpected token `;'

camdu@DESKTOP-2QQGOK8 MINGW64 ~/desktop/Dev/labs
$ ls
darth_vader  death_star/  princess_leia  storm_trooper

camdu@DESKTOP-2QQGOK8 MINGW64 ~/desktop/Dev/labs
$ mv darth_vader ~/desktop/dev/labs/death_star

camdu@DESKTOP-2QQGOK8 MINGW64 ~/desktop/Dev/labs
$ mv princess_leia ~/desktop/dev/labs/death_star

camdu@DESKTOP-2QQGOK8 MINGW64 ~/desktop/Dev/labs
$ mv storm_trooper ~/desktop/dev/labs/death_star

camdu@DESKTOP-2QQGOK8 MINGW64 ~/desktop/Dev/labs
$ ls
death_star/

camdu@DESKTOP-2QQGOK8 MINGW64 ~/desktop/Dev/labs
$ cd death_star

camdu@DESKTOP-2QQGOK8 MINGW64 ~/desktop/Dev/labs/death_star
$ ls
darth_vader  princess_leia  storm_trooper

camdu@DESKTOP-2QQGOK8 MINGW64 ~/desktop/Dev/labs/death_star
$ cd..
bash: cd..: command not found

camdu@DESKTOP-2QQGOK8 MINGW64 ~/desktop/Dev/labs/death_star
$ cd..
bash: cd..: command not found

camdu@DESKTOP-2QQGOK8 MINGW64 ~/desktop/Dev/labs/death_star
$ cd ..

camdu@DESKTOP-2QQGOK8 MINGW64 ~/desktop/Dev/labs
$ cd ..

camdu@DESKTOP-2QQGOK8 MINGW64 ~/desktop/Dev
$ ls
 Atom.lnk*  'Git Bash.lnk'*   Homework/   Labs/   Projects/  'Visual Studio Code.lnk'*   node-v16.16.0-x64.msi   stuff/

camdu@DESKTOP-2QQGOK8 MINGW64 ~/desktop/Dev
$ cd labs

camdu@DESKTOP-2QQGOK8 MINGW64 ~/desktop/Dev/labs
$ mkdir Galaxy-far-far-away

camdu@DESKTOP-2QQGOK8 MINGW64 ~/desktop/Dev/labs
$ ls
Galaxy-far-far-away/  death_star/

camdu@DESKTOP-2QQGOK8 MINGW64 ~/desktop/Dev/labs
$ mv death_star ~desktop/dev/labs/Galaxy-far-far-away
mv: cannot move 'death_star' to '~desktop/dev/labs/Galaxy-far-far-away': No such file or directory

camdu@DESKTOP-2QQGOK8 MINGW64 ~/desktop/Dev/labs
$ mv death_star
Galaxy-far-far-away/ death_star/

camdu@DESKTOP-2QQGOK8 MINGW64 ~/desktop/Dev/labs
$ ls
Galaxy-far-far-away/  death_star/

camdu@DESKTOP-2QQGOK8 MINGW64 ~/desktop/Dev/labs
$ mv death_star ~/Desktop/Dev/Labs/Galaxy-far-far-away/

camdu@DESKTOP-2QQGOK8 MINGW64 ~/desktop/Dev/labs
$ ls
Galaxy-far-far-away/

camdu@DESKTOP-2QQGOK8 MINGW64 ~/desktop/Dev/labs
$ cd g
bash: cd: g: No such file or directory

camdu@DESKTOP-2QQGOK8 MINGW64 ~/desktop/Dev/labs
$ cd Galaxy-far-far-away/

camdu@DESKTOP-2QQGOK8 MINGW64 ~/desktop/Dev/labs/Galaxy-far-far-away
$ ls
death_star/

camdu@DESKTOP-2QQGOK8 MINGW64 ~/desktop/Dev/labs/Galaxy-far-far-away
$ mkdir tatooine

camdu@DESKTOP-2QQGOK8 MINGW64 ~/desktop/Dev/labs/Galaxy-far-far-away
$ ls
death_star/  tatooine/

camdu@DESKTOP-2QQGOK8 MINGW64 ~/desktop/Dev/labs/Galaxy-far-far-away
$ cd tatooine

camdu@DESKTOP-2QQGOK8 MINGW64 ~/desktop/Dev/labs/Galaxy-far-far-away/tatooine
$ touch luke.txt ben_kenobi.txt

camdu@DESKTOP-2QQGOK8 MINGW64 ~/desktop/Dev/labs/Galaxy-far-far-away/tatooine
$ ls
ben_kenobi.txt  luke.txt

camdu@DESKTOP-2QQGOK8 MINGW64 ~/desktop/Dev/labs/Galaxy-far-far-away/tatooine
$ mkdir millenium_falcon

camdu@DESKTOP-2QQGOK8 MINGW64 ~/desktop/Dev/labs/Galaxy-far-far-away/tatooine
$ ls
ben_kenobi.txt  luke.txt  millenium_falcon/

camdu@DESKTOP-2QQGOK8 MINGW64 ~/desktop/Dev/labs/Galaxy-far-far-away/tatooine
$ cd millenium_falcon/

camdu@DESKTOP-2QQGOK8 MINGW64 ~/desktop/Dev/labs/Galaxy-far-far-away/tatooine/millenium_falcon
$ touch han_solo.txt chewbaca.txt

camdu@DESKTOP-2QQGOK8 MINGW64 ~/desktop/Dev/labs/Galaxy-far-far-away/tatooine/millenium_falcon
$ ls
chewbaca.txt  han_solo.txt

camdu@DESKTOP-2QQGOK8 MINGW64 ~/desktop/Dev/labs/Galaxy-far-far-away/tatooine/millenium_falcon
$ cd ..

camdu@DESKTOP-2QQGOK8 MINGW64 ~/desktop/Dev/labs/Galaxy-far-far-away/tatooine
$ mv ben_kenobi.txt obi_wan.txt

camdu@DESKTOP-2QQGOK8 MINGW64 ~/desktop/Dev/labs/Galaxy-far-far-away/tatooine
$ ls
luke.txt  millenium_falcon/  obi_wan.txt

camdu@DESKTOP-2QQGOK8 MINGW64 ~/desktop/Dev/labs/Galaxy-far-far-away/tatooine
$ cp storm_trooper.txt tatooine
cp: cannot stat 'storm_trooper.txt': No such file or directory

camdu@DESKTOP-2QQGOK8 MINGW64 ~/desktop/Dev/labs/Galaxy-far-far-away/tatooine
$ cd ..

camdu@DESKTOP-2QQGOK8 MINGW64 ~/desktop/Dev/labs/Galaxy-far-far-away
$ ls
death_star/  tatooine/

camdu@DESKTOP-2QQGOK8 MINGW64 ~/desktop/Dev/labs/Galaxy-far-far-away
$ cd Death_star

camdu@DESKTOP-2QQGOK8 MINGW64 ~/desktop/Dev/labs/Galaxy-far-far-away/Death_star
$ ls
darth_vader  princess_leia  storm_trooper

camdu@DESKTOP-2QQGOK8 MINGW64 ~/desktop/Dev/labs/Galaxy-far-far-away/Death_star
$ cp storm_trooper tatooine

camdu@DESKTOP-2QQGOK8 MINGW64 ~/desktop/Dev/labs/Galaxy-far-far-away/Death_star
$ cd ..

camdu@DESKTOP-2QQGOK8 MINGW64 ~/desktop/Dev/labs/Galaxy-far-far-away
$ /ls
bash: /ls: No such file or directory

camdu@DESKTOP-2QQGOK8 MINGW64 ~/desktop/Dev/labs/Galaxy-far-far-away
$ ls
death_star/  tatooine/

camdu@DESKTOP-2QQGOK8 MINGW64 ~/desktop/Dev/labs/Galaxy-far-far-away
$ cd tatooine

camdu@DESKTOP-2QQGOK8 MINGW64 ~/desktop/Dev/labs/Galaxy-far-far-away/tatooine
$ ls
luke.txt  millenium_falcon/  obi_wan.txt

camdu@DESKTOP-2QQGOK8 MINGW64 ~/desktop/Dev/labs/Galaxy-far-far-away/tatooine
$ cd ..

camdu@DESKTOP-2QQGOK8 MINGW64 ~/desktop/Dev/labs/Galaxy-far-far-away
$ cd ..

camdu@DESKTOP-2QQGOK8 MINGW64 ~/desktop/Dev/labs
$ cd Galaxy-far-far-away/

camdu@DESKTOP-2QQGOK8 MINGW64 ~/desktop/Dev/labs/Galaxy-far-far-away
$ ls
death_star/  tatooine/

camdu@DESKTOP-2QQGOK8 MINGW64 ~/desktop/Dev/labs/Galaxy-far-far-away
$ cd death_star/

camdu@DESKTOP-2QQGOK8 MINGW64 ~/desktop/Dev/labs/Galaxy-far-far-away/death_star
$ ls
darth_vader  princess_leia  storm_trooper  tatooine

camdu@DESKTOP-2QQGOK8 MINGW64 ~/desktop/Dev/labs/Galaxy-far-far-away/death_star
$ rm tatooine

camdu@DESKTOP-2QQGOK8 MINGW64 ~/desktop/Dev/labs/Galaxy-far-far-away/death_star
$ ls
darth_vader  princess_leia  storm_trooper

camdu@DESKTOP-2QQGOK8 MINGW64 ~/desktop/Dev/labs/Galaxy-far-far-away/death_star
$ cp storm_trooper ~/desktop/Dev/labs/Galaxy-far-far-away/tatooine/

camdu@DESKTOP-2QQGOK8 MINGW64 ~/desktop/Dev/labs/Galaxy-far-far-away/death_star
$ cd ..

camdu@DESKTOP-2QQGOK8 MINGW64 ~/desktop/Dev/labs/Galaxy-far-far-away
$ /ls
bash: /ls: No such file or directory

camdu@DESKTOP-2QQGOK8 MINGW64 ~/desktop/Dev/labs/Galaxy-far-far-away
$ ls
death_star/  tatooine/

camdu@DESKTOP-2QQGOK8 MINGW64 ~/desktop/Dev/labs/Galaxy-far-far-away
$ cd tatooine

camdu@DESKTOP-2QQGOK8 MINGW64 ~/desktop/Dev/labs/Galaxy-far-far-away/tatooine
$ ls
luke.txt  millenium_falcon/  obi_wan.txt  storm_trooper

camdu@DESKTOP-2QQGOK8 MINGW64 ~/desktop/Dev/labs/Galaxy-far-far-away/tatooine
$ ^C

camdu@DESKTOP-2QQGOK8 MINGW64 ~/desktop/Dev/labs/Galaxy-far-far-away/tatooine
$ mv obi_wan.txt ~/Desktop/Dev/Labs/Galaxy-far-far-away/tatooine/millenium_falcon/

camdu@DESKTOP-2QQGOK8 MINGW64 ~/desktop/Dev/labs/Galaxy-far-far-away/tatooine
$ mv luke.txt ~/Desktop/Dev/Labs/Galaxy-far-far-away/tatooine/millenium_falcon/

camdu@DESKTOP-2QQGOK8 MINGW64 ~/desktop/Dev/labs/Galaxy-far-far-away/tatooine
$ ls
millenium_falcon/  storm_trooper

camdu@DESKTOP-2QQGOK8 MINGW64 ~/desktop/Dev/labs/Galaxy-far-far-away/tatooine
$ cd millenium_falcon/

camdu@DESKTOP-2QQGOK8 MINGW64 ~/desktop/Dev/labs/Galaxy-far-far-away/tatooine/millenium_falcon
$ ls
chewbaca.txt  han_solo.txt  luke.txt  obi_wan.txt

camdu@DESKTOP-2QQGOK8 MINGW64 ~/desktop/Dev/labs/Galaxy-far-far-away/tatooine/millenium_falcon
$ cs ..
bash: cs: command not found

camdu@DESKTOP-2QQGOK8 MINGW64 ~/desktop/Dev/labs/Galaxy-far-far-away/tatooine/millenium_falcon
$ cd ..

camdu@DESKTOP-2QQGOK8 MINGW64 ~/desktop/Dev/labs/Galaxy-far-far-away/tatooine
$ mv millenium_falcon/ ~/Desktop/dev/Labs/Galaxy-far-far-away/death_star/

camdu@DESKTOP-2QQGOK8 MINGW64 ~/desktop/Dev/labs/Galaxy-far-far-away/tatooine
$ cd ..

camdu@DESKTOP-2QQGOK8 MINGW64 ~/desktop/Dev/labs/Galaxy-far-far-away
$ cd ..

camdu@DESKTOP-2QQGOK8 MINGW64 ~/desktop/Dev/labs
$ cd Galaxy-far-far-away/

camdu@DESKTOP-2QQGOK8 MINGW64 ~/desktop/Dev/labs/Galaxy-far-far-away
$ ls
death_star/  tatooine/

camdu@DESKTOP-2QQGOK8 MINGW64 ~/desktop/Dev/labs/Galaxy-far-far-away
$ cd de
bash: cd: de: No such file or directory

camdu@DESKTOP-2QQGOK8 MINGW64 ~/desktop/Dev/labs/Galaxy-far-far-away
$ cd death_star/

camdu@DESKTOP-2QQGOK8 MINGW64 ~/desktop/Dev/labs/Galaxy-far-far-away/death_star
$ ls
darth_vader  millenium_falcon/  princess_leia  storm_trooper

camdu@DESKTOP-2QQGOK8 MINGW64 ~/desktop/Dev/labs/Galaxy-far-far-away/death_star
$ mv princess_leia ~/Desktop/Dev/Labs/Galaxy-far-far-away/death_star/millenium_falcon/

camdu@DESKTOP-2QQGOK8 MINGW64 ~/desktop/Dev/labs/Galaxy-far-far-away/death_star
$ cd millenium_falcon/

camdu@DESKTOP-2QQGOK8 MINGW64 ~/desktop/Dev/labs/Galaxy-far-far-away/death_star/millenium_falcon
$ ls
chewbaca.txt  han_solo.txt  luke.txt  obi_wan.txt  princess_leia

camdu@DESKTOP-2QQGOK8 MINGW64 ~/desktop/Dev/labs/Galaxy-far-far-away/death_star/millenium_falcon
$ rm- obi_wan.txt
bash: rm-: command not found

camdu@DESKTOP-2QQGOK8 MINGW64 ~/desktop/Dev/labs/Galaxy-far-far-away/death_star/millenium_falcon
$ rm obi_wan.txt

camdu@DESKTOP-2QQGOK8 MINGW64 ~/desktop/Dev/labs/Galaxy-far-far-away/death_star/millenium_falcon
$ ls
chewbaca.txt  han_solo.txt  luke.txt  princess_leia

camdu@DESKTOP-2QQGOK8 MINGW64 ~/desktop/Dev/labs/Galaxy-far-far-away/death_star/millenium_falcon
$ cd../../../../
bash: cd../../../../: No such file or directory

camdu@DESKTOP-2QQGOK8 MINGW64 ~/desktop/Dev/labs/Galaxy-far-far-away/death_star/millenium_falcon
$ cd ../../../../

camdu@DESKTOP-2QQGOK8 MINGW64 ~/desktop/Dev
$ cd labs/

camdu@DESKTOP-2QQGOK8 MINGW64 ~/desktop/Dev/labs
$ ls
Galaxy-far-far-away/

camdu@DESKTOP-2QQGOK8 MINGW64 ~/desktop/Dev/labs
$ cd Galaxy-far-far-away/

camdu@DESKTOP-2QQGOK8 MINGW64 ~/desktop/Dev/labs/Galaxy-far-far-away
$ mkdir yavin_4

camdu@DESKTOP-2QQGOK8 MINGW64 ~/desktop/Dev/labs/Galaxy-far-far-away
$ ls
death_star/  tatooine/  yavin_4/

camdu@DESKTOP-2QQGOK8 MINGW64 ~/desktop/Dev/labs/Galaxy-far-far-away
$ cd death_star/

camdu@DESKTOP-2QQGOK8 MINGW64 ~/desktop/Dev/labs/Galaxy-far-far-away/death_star
$ ls
darth_vader  millenium_falcon/  storm_trooper

camdu@DESKTOP-2QQGOK8 MINGW64 ~/desktop/Dev/labs/Galaxy-far-far-away/death_star
$ mv millenium_falcon/ ~/Desktop/Dev/Labs/Galaxy-far-far-away/yavin_4/

camdu@DESKTOP-2QQGOK8 MINGW64 ~/desktop/Dev/labs/Galaxy-far-far-away/death_star
$ cd ..

camdu@DESKTOP-2QQGOK8 MINGW64 ~/desktop/Dev/labs/Galaxy-far-far-away
$ ls
death_star/  tatooine/  yavin_4/

camdu@DESKTOP-2QQGOK8 MINGW64 ~/desktop/Dev/labs/Galaxy-far-far-away
$ cd yavin_4/

camdu@DESKTOP-2QQGOK8 MINGW64 ~/desktop/Dev/labs/Galaxy-far-far-away/yavin_4
$ ls
millenium_falcon/

camdu@DESKTOP-2QQGOK8 MINGW64 ~/desktop/Dev/labs/Galaxy-far-far-away/yavin_4
$ mkdir x_wing

camdu@DESKTOP-2QQGOK8 MINGW64 ~/desktop/Dev/labs/Galaxy-far-far-away/yavin_4
$ ls
millenium_falcon/  x_wing/

camdu@DESKTOP-2QQGOK8 MINGW64 ~/desktop/Dev/labs/Galaxy-far-far-away/yavin_4
$ cd ..

camdu@DESKTOP-2QQGOK8 MINGW64 ~/desktop/Dev/labs/Galaxy-far-far-away
$ ls
death_star/  tatooine/  yavin_4/

camdu@DESKTOP-2QQGOK8 MINGW64 ~/desktop/Dev/labs/Galaxy-far-far-away
$ cd yavin_4/

camdu@DESKTOP-2QQGOK8 MINGW64 ~/desktop/Dev/labs/Galaxy-far-far-away/yavin_4
$ ls
millenium_falcon/  x_wing/

camdu@DESKTOP-2QQGOK8 MINGW64 ~/desktop/Dev/labs/Galaxy-far-far-away/yavin_4
$ cd millenium_falcon/

camdu@DESKTOP-2QQGOK8 MINGW64 ~/desktop/Dev/labs/Galaxy-far-far-away/yavin_4/millenium_falcon
$ ls
chewbaca.txt  han_solo.txt  luke.txt  princess_leia

camdu@DESKTOP-2QQGOK8 MINGW64 ~/desktop/Dev/labs/Galaxy-far-far-away/yavin_4/millenium_falcon
$ mv luke.txt ~/Desktop/Dev/Labs/Galaxy-far-far-away/yavin_4/x_wing/

camdu@DESKTOP-2QQGOK8 MINGW64 ~/desktop/Dev/labs/Galaxy-far-far-away/yavin_4/millenium_falcon
$ mv princess_leia.txt ~/Desktop/Dev/Labs/Galaxy-far-far-away/yavin_4
mv: cannot stat 'princess_leia.txt': No such file or directory

camdu@DESKTOP-2QQGOK8 MINGW64 ~/desktop/Dev/labs/Galaxy-far-far-away/yavin_4/millenium_falcon
$ ls
chewbaca.txt  han_solo.txt  princess_leia

camdu@DESKTOP-2QQGOK8 MINGW64 ~/desktop/Dev/labs/Galaxy-far-far-away/yavin_4/millenium_falcon
$ mv princess_leia ~/Desktop/dev/Labs/Galaxy-far-far-away/yavin_4/

camdu@DESKTOP-2QQGOK8 MINGW64 ~/desktop/Dev/labs/Galaxy-far-far-away/yavin_4/millenium_falcon
$ cd ..

camdu@DESKTOP-2QQGOK8 MINGW64 ~/desktop/Dev/labs/Galaxy-far-far-away/yavin_4
$ ls
millenium_falcon/  princess_leia  x_wing/

camdu@DESKTOP-2QQGOK8 MINGW64 ~/desktop/Dev/labs/Galaxy-far-far-away/yavin_4
$ cd ..

camdu@DESKTOP-2QQGOK8 MINGW64 ~/desktop/Dev/labs/Galaxy-far-far-away
$ ls
death_star/  tatooine/  yavin_4/

camdu@DESKTOP-2QQGOK8 MINGW64 ~/desktop/Dev/labs/Galaxy-far-far-away
$ cd death_star/

camdu@DESKTOP-2QQGOK8 MINGW64 ~/desktop/Dev/labs/Galaxy-far-far-away/death_star
$ mkdir tie_fighter_1 tie_fighter_2 tie_fighter_3

camdu@DESKTOP-2QQGOK8 MINGW64 ~/desktop/Dev/labs/Galaxy-far-far-away/death_star
$ ls
darth_vader  storm_trooper  tie_fighter_1/  tie_fighter_2/  tie_fighter_3/

camdu@DESKTOP-2QQGOK8 MINGW64 ~/desktop/Dev/labs/Galaxy-far-far-away/death_star
$ mv darth_vader ~/Desktop/Dev/Labs/Galaxy-far-far-away/death_star/tie_fighter_1

camdu@DESKTOP-2QQGOK8 MINGW64 ~/desktop/Dev/labs/Galaxy-far-far-away/death_star
$ ls
storm_trooper  tie_fighter_1/  tie_fighter_2/  tie_fighter_3/

camdu@DESKTOP-2QQGOK8 MINGW64 ~/desktop/Dev/labs/Galaxy-far-far-away/death_star
$ cp storm_trooper ~/Desktop/Dev/Labs/Galaxy-far-far-away/death_star/tie_fighter_2

camdu@DESKTOP-2QQGOK8 MINGW64 ~/desktop/Dev/labs/Galaxy-far-far-away/death_star
$ cp storm_trooper ~/Desktop/Dev/Labs/Galaxy-far-far-away/death_star/tie_fighter_3

camdu@DESKTOP-2QQGOK8 MINGW64 ~/desktop/Dev/labs/Galaxy-far-far-away/death_star
$ ls
storm_trooper  tie_fighter_1/  tie_fighter_2/  tie_fighter_3/

camdu@DESKTOP-2QQGOK8 MINGW64 ~/desktop/Dev/labs/Galaxy-far-far-away/death_star
$ mv tie_fighter_1 tie_fighter_2 tie_fighter_3 ~/Desktop/Dev/Labs/Galaxy-far-far-away/

camdu@DESKTOP-2QQGOK8 MINGW64 ~/desktop/Dev/labs/Galaxy-far-far-away/death_star
$ cd ..

camdu@DESKTOP-2QQGOK8 MINGW64 ~/desktop/Dev/labs/Galaxy-far-far-away
$ ls
death_star/  tatooine/  tie_fighter_1/  tie_fighter_2/  tie_fighter_3/  yavin_4/

camdu@DESKTOP-2QQGOK8 MINGW64 ~/desktop/Dev/labs/Galaxy-far-far-away
$ rm tie_fighter_2 tie_fighter_3
rm: cannot remove 'tie_fighter_2': Is a directory
rm: cannot remove 'tie_fighter_3': Is a directory

camdu@DESKTOP-2QQGOK8 MINGW64 ~/desktop/Dev/labs/Galaxy-far-far-away
$ rm -r tie_fighter_2 tie_fighter_3

camdu@DESKTOP-2QQGOK8 MINGW64 ~/desktop/Dev/labs/Galaxy-far-far-away
$ ls
death_star/  tatooine/  tie_fighter_1/  yavin_4/

camdu@DESKTOP-2QQGOK8 MINGW64 ~/desktop/Dev/labs/Galaxy-far-far-away
$ cd yavin_4/

camdu@DESKTOP-2QQGOK8 MINGW64 ~/desktop/Dev/labs/Galaxy-far-far-away/yavin_4
$ ls
millenium_falcon/  princess_leia  x_wing/

camdu@DESKTOP-2QQGOK8 MINGW64 ~/desktop/Dev/labs/Galaxy-far-far-away/yavin_4
$ cd x_wing/

camdu@DESKTOP-2QQGOK8 MINGW64 ~/desktop/Dev/labs/Galaxy-far-far-away/yavin_4/x_wing
$ ls
luke.txt

camdu@DESKTOP-2QQGOK8 MINGW64 ~/desktop/Dev/labs/Galaxy-far-far-away/yavin_4/x_wing
$ touch the_force.txt

camdu@DESKTOP-2QQGOK8 MINGW64 ~/desktop/Dev/labs/Galaxy-far-far-away/yavin_4/x_wing
$ ls
luke.txt  the_force.txt

camdu@DESKTOP-2QQGOK8 MINGW64 ~/desktop/Dev/labs/Galaxy-far-far-away/yavin_4/x_wing
$ cd ..

camdu@DESKTOP-2QQGOK8 MINGW64 ~/desktop/Dev/labs/Galaxy-far-far-away/yavin_4
$ cd ..

camdu@DESKTOP-2QQGOK8 MINGW64 ~/desktop/Dev/labs/Galaxy-far-far-away
$ ^C

camdu@DESKTOP-2QQGOK8 MINGW64 ~/desktop/Dev/labs/Galaxy-far-far-away
$ ls
death_star/  tatooine/  tie_fighter_1/  yavin_4/

camdu@DESKTOP-2QQGOK8 MINGW64 ~/desktop/Dev/labs/Galaxy-far-far-away
$ rm -r death_star/

camdu@DESKTOP-2QQGOK8 MINGW64 ~/desktop/Dev/labs/Galaxy-far-far-away
$ ls
tatooine/  tie_fighter_1/  yavin_4/

camdu@DESKTOP-2QQGOK8 MINGW64 ~/desktop/Dev/labs/Galaxy-far-far-away
$ cd yavin_4/

camdu@DESKTOP-2QQGOK8 MINGW64 ~/desktop/Dev/labs/Galaxy-far-far-away/yavin_4
$ ls
millenium_falcon/  princess_leia  x_wing/

camdu@DESKTOP-2QQGOK8 MINGW64 ~/desktop/Dev/labs/Galaxy-far-far-away/yavin_4
$
